// Jest Snapshot v1, https://goo.gl/fbAQLP

exports[`should render messageBox with set message 1`] = `
<div
  className="message-box"
>
  Get ready...
</div>
`;
